INFO:     Started server process [3540]
INFO:     Waiting for application startup.
INFO:     Application startup complete.
INFO:     Uvicorn running on http://127.0.0.1:8000 (Press CTRL+C to quit)
INFO:     ('127.0.0.1', 56200) - "WebSocket /ws" [accepted]
INFO:     connection open
INFO:     connection closed
INFO:     ('127.0.0.1', 56209) - "WebSocket /ws" [accepted]
INFO:     connection open
INFO:     ('127.0.0.1', 56243) - "WebSocket /ws" [accepted]
INFO:     connection open
INFO:     connection closed
INFO:     ('127.0.0.1', 56880) - "WebSocket /ws" [accepted]
INFO:     connection open
ERROR:    Exception in ASGI application
Traceback (most recent call last):
  File "C:\Users\USER-2\AppData\Roaming\Python\Python314\site-packages\uvicorn\protocols\http\httptools_impl.py", line 419, in run_asgi
    result = await app(  # type: ignore[func-returns-value]
             ^^^^^^^^^^^^^^^^^^^^^^^^^^^^^^^^^^^^^^^^^^^^^^
        self.scope, self.receive, self.send
        ^^^^^^^^^^^^^^^^^^^^^^^^^^^^^^^^^^^
    )
    ^
  File "C:\Users\USER-2\AppData\Roaming\Python\Python314\site-packages\uvicorn\middleware\proxy_headers.py", line 84, in __call__
    return await self.app(scope, receive, send)
           ^^^^^^^^^^^^^^^^^^^^^^^^^^^^^^^^^^^^
  File "C:\Users\USER-2\AppData\Roaming\Python\Python314\site-packages\fastapi\applications.py", line 1054, in __call__
    await super().__call__(scope, receive, send)
  File "C:\Users\USER-2\AppData\Roaming\Python\Python314\site-packages\starlette\applications.py", line 123, in __call__
    await self.middleware_stack(scope, receive, send)
  File "C:\Users\USER-2\AppData\Roaming\Python\Python314\site-packages\starlette\middleware\errors.py", line 186, in __call__
    raise exc
  File "C:\Users\USER-2\AppData\Roaming\Python\Python314\site-packages\starlette\middleware\errors.py", line 164, in __call__
    await self.app(scope, receive, _send)
  File "C:\Users\USER-2\AppData\Roaming\Python\Python314\site-packages\starlette\middleware\exceptions.py", line 62, in __call__
    await wrap_app_handling_exceptions(self.app, conn)(scope, receive, send)
  File "C:\Users\USER-2\AppData\Roaming\Python\Python314\site-packages\starlette\_exception_handler.py", line 64, in wrapped_app
    raise exc
  File "C:\Users\USER-2\AppData\Roaming\Python\Python314\site-packages\starlette\_exception_handler.py", line 53, in wrapped_app
    await app(scope, receive, sender)
  File "C:\Users\USER-2\AppData\Roaming\Python\Python314\site-packages\starlette\routing.py", line 758, in __call__
    await self.middleware_stack(scope, receive, send)
  File "C:\Users\USER-2\AppData\Roaming\Python\Python314\site-packages\starlette\routing.py", line 778, in app
    await route.handle(scope, receive, send)
  File "C:\Users\USER-2\AppData\Roaming\Python\Python314\site-packages\starlette\routing.py", line 299, in handle
    await self.app(scope, receive, send)
  File "C:\Users\USER-2\AppData\Roaming\Python\Python314\site-packages\starlette\routing.py", line 79, in app
    await wrap_app_handling_exceptions(app, request)(scope, receive, send)
  File "C:\Users\USER-2\AppData\Roaming\Python\Python314\site-packages\starlette\_exception_handler.py", line 64, in wrapped_app
    raise exc
  File "C:\Users\USER-2\AppData\Roaming\Python\Python314\site-packages\starlette\_exception_handler.py", line 53, in wrapped_app
    await app(scope, receive, sender)
  File "C:\Users\USER-2\AppData\Roaming\Python\Python314\site-packages\starlette\routing.py", line 74, in app
    response = await func(request)
               ^^^^^^^^^^^^^^^^^^^
  File "C:\Users\USER-2\AppData\Roaming\Python\Python314\site-packages\fastapi\routing.py", line 278, in app
    raw_response = await run_endpoint_function(
                   ^^^^^^^^^^^^^^^^^^^^^^^^^^^^
        dependant=dependant, values=values, is_coroutine=is_coroutine
        ^^^^^^^^^^^^^^^^^^^^^^^^^^^^^^^^^^^^^^^^^^^^^^^^^^^^^^^^^^^^^
    )
    ^
  File "C:\Users\USER-2\AppData\Roaming\Python\Python314\site-packages\fastapi\routing.py", line 191, in run_endpoint_function
    return await dependant.call(**values)
           ^^^^^^^^^^^^^^^^^^^^^^^^^^^^^^
  File "C:\Users\USER-2\Desktop\SIMB\viz_web\server.py", line 53, in reset_sim
    await send_init(ws)
  File "C:\Users\USER-2\Desktop\SIMB\viz_web\server.py", line 171, in send_init
    await ws.send_json(msg)
  File "C:\Users\USER-2\AppData\Roaming\Python\Python314\site-packages\starlette\websockets.py", line 179, in send_json
    await self.send({"type": "websocket.send", "text": text})
  File "C:\Users\USER-2\AppData\Roaming\Python\Python314\site-packages\starlette\websockets.py", line 88, in send
    await self._send(message)
  File "C:\Users\USER-2\AppData\Roaming\Python\Python314\site-packages\starlette\_exception_handler.py", line 50, in sender
    await send(message)
  File "C:\Users\USER-2\AppData\Roaming\Python\Python314\site-packages\uvicorn\protocols\websockets\websockets_impl.py", line 349, in asgi_send
    await self.send(data)  # type: ignore[arg-type]
    ^^^^^^^^^^^^^^^^^^^^^
  File "C:\Users\USER-2\AppData\Roaming\Python\Python314\site-packages\websockets\legacy\protocol.py", line 630, in send
    await self.write_frame(True, opcode, data)
  File "C:\Users\USER-2\AppData\Roaming\Python\Python314\site-packages\websockets\legacy\protocol.py", line 1184, in write_frame
    await self.drain()
  File "C:\Users\USER-2\AppData\Roaming\Python\Python314\site-packages\websockets\legacy\protocol.py", line 1167, in drain
    await self._drain()
  File "C:\Users\USER-2\AppData\Roaming\Python\Python314\site-packages\websockets\legacy\protocol.py", line 328, in _drain
    await self._drain_helper()
  File "C:\Users\USER-2\AppData\Roaming\Python\Python314\site-packages\websockets\legacy\protocol.py", line 308, in _drain_helper
    assert waiter is None or waiter.cancelled()
           ^^^^^^^^^^^^^^^^^^^^^^^^^^^^^^^^^^^^
AssertionError
ERROR:    keepalive ping failed
Traceback (most recent call last):
  File "C:\Users\USER-2\AppData\Roaming\Python\Python314\site-packages\websockets\legacy\protocol.py", line 1233, in keepalive_ping
    pong_waiter = await self.ping()
                  ^^^^^^^^^^^^^^^^^
  File "C:\Users\USER-2\AppData\Roaming\Python\Python314\site-packages\websockets\legacy\protocol.py", line 843, in ping
    await self.write_frame(True, OP_PING, data)
  File "C:\Users\USER-2\AppData\Roaming\Python\Python314\site-packages\websockets\legacy\protocol.py", line 1184, in write_frame
    await self.drain()
  File "C:\Users\USER-2\AppData\Roaming\Python\Python314\site-packages\websockets\legacy\protocol.py", line 1167, in drain
    await self._drain()
  File "C:\Users\USER-2\AppData\Roaming\Python\Python314\site-packages\websockets\legacy\protocol.py", line 328, in _drain
    await self._drain_helper()
  File "C:\Users\USER-2\AppData\Roaming\Python\Python314\site-packages\websockets\legacy\protocol.py", line 308, in _drain_helper
    assert waiter is None or waiter.cancelled()
           ^^^^^^^^^^^^^^^^^^^^^^^^^^^^^^^^^^^^
AssertionError
ERROR:    Exception in ASGI application
Traceback (most recent call last):
  File "C:\Users\USER-2\AppData\Roaming\Python\Python314\site-packages\uvicorn\protocols\http\httptools_impl.py", line 419, in run_asgi
    result = await app(  # type: ignore[func-returns-value]
             ^^^^^^^^^^^^^^^^^^^^^^^^^^^^^^^^^^^^^^^^^^^^^^
        self.scope, self.receive, self.send
        ^^^^^^^^^^^^^^^^^^^^^^^^^^^^^^^^^^^
    )
    ^
  File "C:\Users\USER-2\AppData\Roaming\Python\Python314\site-packages\uvicorn\middleware\proxy_headers.py", line 84, in __call__
    return await self.app(scope, receive, send)
           ^^^^^^^^^^^^^^^^^^^^^^^^^^^^^^^^^^^^
  File "C:\Users\USER-2\AppData\Roaming\Python\Python314\site-packages\fastapi\applications.py", line 1054, in __call__
    await super().__call__(scope, receive, send)
  File "C:\Users\USER-2\AppData\Roaming\Python\Python314\site-packages\starlette\applications.py", line 123, in __call__
    await self.middleware_stack(scope, receive, send)
  File "C:\Users\USER-2\AppData\Roaming\Python\Python314\site-packages\starlette\middleware\errors.py", line 186, in __call__
    raise exc
  File "C:\Users\USER-2\AppData\Roaming\Python\Python314\site-packages\starlette\middleware\errors.py", line 164, in __call__
    await self.app(scope, receive, _send)
  File "C:\Users\USER-2\AppData\Roaming\Python\Python314\site-packages\starlette\middleware\exceptions.py", line 62, in __call__
    await wrap_app_handling_exceptions(self.app, conn)(scope, receive, send)
  File "C:\Users\USER-2\AppData\Roaming\Python\Python314\site-packages\starlette\_exception_handler.py", line 64, in wrapped_app
    raise exc
  File "C:\Users\USER-2\AppData\Roaming\Python\Python314\site-packages\starlette\_exception_handler.py", line 53, in wrapped_app
    await app(scope, receive, sender)
  File "C:\Users\USER-2\AppData\Roaming\Python\Python314\site-packages\starlette\routing.py", line 758, in __call__
    await self.middleware_stack(scope, receive, send)
  File "C:\Users\USER-2\AppData\Roaming\Python\Python314\site-packages\starlette\routing.py", line 778, in app
    await route.handle(scope, receive, send)
  File "C:\Users\USER-2\AppData\Roaming\Python\Python314\site-packages\starlette\routing.py", line 299, in handle
    await self.app(scope, receive, send)
  File "C:\Users\USER-2\AppData\Roaming\Python\Python314\site-packages\starlette\routing.py", line 79, in app
    await wrap_app_handling_exceptions(app, request)(scope, receive, send)
  File "C:\Users\USER-2\AppData\Roaming\Python\Python314\site-packages\starlette\_exception_handler.py", line 64, in wrapped_app
    raise exc
  File "C:\Users\USER-2\AppData\Roaming\Python\Python314\site-packages\starlette\_exception_handler.py", line 53, in wrapped_app
    await app(scope, receive, sender)
  File "C:\Users\USER-2\AppData\Roaming\Python\Python314\site-packages\starlette\routing.py", line 74, in app
    response = await func(request)
               ^^^^^^^^^^^^^^^^^^^
  File "C:\Users\USER-2\AppData\Roaming\Python\Python314\site-packages\fastapi\routing.py", line 278, in app
    raw_response = await run_endpoint_function(
                   ^^^^^^^^^^^^^^^^^^^^^^^^^^^^
        dependant=dependant, values=values, is_coroutine=is_coroutine
        ^^^^^^^^^^^^^^^^^^^^^^^^^^^^^^^^^^^^^^^^^^^^^^^^^^^^^^^^^^^^^
    )
    ^
  File "C:\Users\USER-2\AppData\Roaming\Python\Python314\site-packages\fastapi\routing.py", line 191, in run_endpoint_function
    return await dependant.call(**values)
           ^^^^^^^^^^^^^^^^^^^^^^^^^^^^^^
  File "C:\Users\USER-2\Desktop\SIMB\viz_web\server.py", line 53, in reset_sim
    await send_init(ws)
  File "C:\Users\USER-2\Desktop\SIMB\viz_web\server.py", line 171, in send_init
    await ws.send_json(msg)
  File "C:\Users\USER-2\AppData\Roaming\Python\Python314\site-packages\starlette\websockets.py", line 179, in send_json
    await self.send({"type": "websocket.send", "text": text})
  File "C:\Users\USER-2\AppData\Roaming\Python\Python314\site-packages\starlette\websockets.py", line 88, in send
    await self._send(message)
  File "C:\Users\USER-2\AppData\Roaming\Python\Python314\site-packages\starlette\_exception_handler.py", line 50, in sender
    await send(message)
  File "C:\Users\USER-2\AppData\Roaming\Python\Python314\site-packages\uvicorn\protocols\websockets\websockets_impl.py", line 349, in asgi_send
    await self.send(data)  # type: ignore[arg-type]
    ^^^^^^^^^^^^^^^^^^^^^
  File "C:\Users\USER-2\AppData\Roaming\Python\Python314\site-packages\websockets\legacy\protocol.py", line 630, in send
    await self.write_frame(True, opcode, data)
  File "C:\Users\USER-2\AppData\Roaming\Python\Python314\site-packages\websockets\legacy\protocol.py", line 1184, in write_frame
    await self.drain()
  File "C:\Users\USER-2\AppData\Roaming\Python\Python314\site-packages\websockets\legacy\protocol.py", line 1167, in drain
    await self._drain()
  File "C:\Users\USER-2\AppData\Roaming\Python\Python314\site-packages\websockets\legacy\protocol.py", line 328, in _drain
    await self._drain_helper()
  File "C:\Users\USER-2\AppData\Roaming\Python\Python314\site-packages\websockets\legacy\protocol.py", line 308, in _drain_helper
    assert waiter is None or waiter.cancelled()
           ^^^^^^^^^^^^^^^^^^^^^^^^^^^^^^^^^^^^
AssertionError
ERROR:    Exception in ASGI application
Traceback (most recent call last):
  File "C:\Users\USER-2\AppData\Roaming\Python\Python314\site-packages\uvicorn\protocols\http\httptools_impl.py", line 419, in run_asgi
    result = await app(  # type: ignore[func-returns-value]
             ^^^^^^^^^^^^^^^^^^^^^^^^^^^^^^^^^^^^^^^^^^^^^^
        self.scope, self.receive, self.send
        ^^^^^^^^^^^^^^^^^^^^^^^^^^^^^^^^^^^
    )
    ^
  File "C:\Users\USER-2\AppData\Roaming\Python\Python314\site-packages\uvicorn\middleware\proxy_headers.py", line 84, in __call__
    return await self.app(scope, receive, send)
           ^^^^^^^^^^^^^^^^^^^^^^^^^^^^^^^^^^^^
  File "C:\Users\USER-2\AppData\Roaming\Python\Python314\site-packages\fastapi\applications.py", line 1054, in __call__
    await super().__call__(scope, receive, send)
  File "C:\Users\USER-2\AppData\Roaming\Python\Python314\site-packages\starlette\applications.py", line 123, in __call__
    await self.middleware_stack(scope, receive, send)
  File "C:\Users\USER-2\AppData\Roaming\Python\Python314\site-packages\starlette\middleware\errors.py", line 186, in __call__
    raise exc
  File "C:\Users\USER-2\AppData\Roaming\Python\Python314\site-packages\starlette\middleware\errors.py", line 164, in __call__
    await self.app(scope, receive, _send)
  File "C:\Users\USER-2\AppData\Roaming\Python\Python314\site-packages\starlette\middleware\exceptions.py", line 62, in __call__
    await wrap_app_handling_exceptions(self.app, conn)(scope, receive, send)
  File "C:\Users\USER-2\AppData\Roaming\Python\Python314\site-packages\starlette\_exception_handler.py", line 64, in wrapped_app
    raise exc
  File "C:\Users\USER-2\AppData\Roaming\Python\Python314\site-packages\starlette\_exception_handler.py", line 53, in wrapped_app
    await app(scope, receive, sender)
  File "C:\Users\USER-2\AppData\Roaming\Python\Python314\site-packages\starlette\routing.py", line 758, in __call__
    await self.middleware_stack(scope, receive, send)
  File "C:\Users\USER-2\AppData\Roaming\Python\Python314\site-packages\starlette\routing.py", line 778, in app
    await route.handle(scope, receive, send)
  File "C:\Users\USER-2\AppData\Roaming\Python\Python314\site-packages\starlette\routing.py", line 299, in handle
    await self.app(scope, receive, send)
  File "C:\Users\USER-2\AppData\Roaming\Python\Python314\site-packages\starlette\routing.py", line 79, in app
    await wrap_app_handling_exceptions(app, request)(scope, receive, send)
  File "C:\Users\USER-2\AppData\Roaming\Python\Python314\site-packages\starlette\_exception_handler.py", line 64, in wrapped_app
    raise exc
  File "C:\Users\USER-2\AppData\Roaming\Python\Python314\site-packages\starlette\_exception_handler.py", line 53, in wrapped_app
    await app(scope, receive, sender)
  File "C:\Users\USER-2\AppData\Roaming\Python\Python314\site-packages\starlette\routing.py", line 74, in app
    response = await func(request)
               ^^^^^^^^^^^^^^^^^^^
  File "C:\Users\USER-2\AppData\Roaming\Python\Python314\site-packages\fastapi\routing.py", line 278, in app
    raw_response = await run_endpoint_function(
                   ^^^^^^^^^^^^^^^^^^^^^^^^^^^^
        dependant=dependant, values=values, is_coroutine=is_coroutine
        ^^^^^^^^^^^^^^^^^^^^^^^^^^^^^^^^^^^^^^^^^^^^^^^^^^^^^^^^^^^^^
    )
    ^
  File "C:\Users\USER-2\AppData\Roaming\Python\Python314\site-packages\fastapi\routing.py", line 191, in run_endpoint_function
    return await dependant.call(**values)
           ^^^^^^^^^^^^^^^^^^^^^^^^^^^^^^
  File "C:\Users\USER-2\Desktop\SIMB\viz_web\server.py", line 53, in reset_sim
    await send_init(ws)
  File "C:\Users\USER-2\Desktop\SIMB\viz_web\server.py", line 171, in send_init
    await ws.send_json(msg)
  File "C:\Users\USER-2\AppData\Roaming\Python\Python314\site-packages\starlette\websockets.py", line 179, in send_json
    await self.send({"type": "websocket.send", "text": text})
  File "C:\Users\USER-2\AppData\Roaming\Python\Python314\site-packages\starlette\websockets.py", line 88, in send
    await self._send(message)
  File "C:\Users\USER-2\AppData\Roaming\Python\Python314\site-packages\starlette\_exception_handler.py", line 50, in sender
    await send(message)
  File "C:\Users\USER-2\AppData\Roaming\Python\Python314\site-packages\uvicorn\protocols\websockets\websockets_impl.py", line 349, in asgi_send
    await self.send(data)  # type: ignore[arg-type]
    ^^^^^^^^^^^^^^^^^^^^^
  File "C:\Users\USER-2\AppData\Roaming\Python\Python314\site-packages\websockets\legacy\protocol.py", line 630, in send
    await self.write_frame(True, opcode, data)
  File "C:\Users\USER-2\AppData\Roaming\Python\Python314\site-packages\websockets\legacy\protocol.py", line 1184, in write_frame
    await self.drain()
  File "C:\Users\USER-2\AppData\Roaming\Python\Python314\site-packages\websockets\legacy\protocol.py", line 1167, in drain
    await self._drain()
  File "C:\Users\USER-2\AppData\Roaming\Python\Python314\site-packages\websockets\legacy\protocol.py", line 328, in _drain
    await self._drain_helper()
  File "C:\Users\USER-2\AppData\Roaming\Python\Python314\site-packages\websockets\legacy\protocol.py", line 308, in _drain_helper
    assert waiter is None or waiter.cancelled()
           ^^^^^^^^^^^^^^^^^^^^^^^^^^^^^^^^^^^^
AssertionError
INFO:     connection closed
